(2:0) LPAREN: (
(2:1) IDENTIFIER: +
(2:2) RPAREN: )
(3:0) LPAREN: (
(3:1) NUMBER: +1
(3:3) RPAREN: )
(4:0) LPAREN: (
(4:1) IDENTIFIER: +
(4:3) NUMBER: 1
(4:4) RPAREN: )
(5:0) EOF: 
